module Test.BoolPartlyUsedLast where

import Data.Bool ( not)

foo = not
