module Test.BoolBoolUsed where

import Data.Bool (bool)

func = bool
