module Test.BoolPartlyUsedFirst where

import Data.Bool (bool)

foo = bool
