module Test.MultilineUnused where

import Data.Bool (bool)

foo = bool
