module Test.TypeConstructorUnused where

import Data.Bool (Bool ( True))

true = True
