module Test.TypeUsed where

import Data.Bool (Bool,)

foo :: Bool
foo = undefined
