module Test.TypeUnused where

import Data.Bool ( not)

foo = not
