module Test.TypeConstructorUnusedComma where

import Data.Bool (Bool (False))

false = False
