module Test.WildcardUnused where

import Data.Bool ( not)

foo = not
